{
  "chain_id": "unit-test-chain",
  "db_owner": "0x0000000000000000000000000000000000000000",
  "validators": [
    {
      "name": "validator-0",
      "power": 1,
      "pub_key": "deadbeef"
    },
    {
      "name": "validator-1",
      "power": 1,
      "pub_key": "cafebabe"
    }
  ]
}